app/dashboard/therapist/page.tsx(10,27): error TS2307: Cannot find module '@/components/ui/separator' or its corresponding type declarations.
